A51 MACRO ASSEMBLER  ARITH                                                                12/07/2022 22:38:23 PAGE     1


MACRO ASSEMBLER A51 V8.2.7.0
OBJECT MODULE PLACED IN .\Objects\arith.obj
ASSEMBLER INVOKED BY: F:\Software\C51\BIN\A51.EXE arith.asm SET(SMALL) DEBUG PRINT(.\Listings\arith.lst) OBJECT(.\Object
                      s\arith.obj) EP

LOC  OBJ            LINE     SOURCE

0000                   1     org 000h
                       2             
0000 7430              3             mov a,#30h
0002 75F020            4             mov b,#20h
0005 25F0              5             add a,b
0007 F540              6             mov 40h,a
                       7             
0009 7431              8             mov a,#31h
000B 04                9             inc a
000C F541             10             mov 41h,a
                      11             END
A51 MACRO ASSEMBLER  ARITH                                                                12/07/2022 22:38:23 PAGE     2

SYMBOL TABLE LISTING
------ ----- -------


N A M E             T Y P E  V A L U E   ATTRIBUTES

B. . . . . . . . .  D ADDR   00F0H   A   


REGISTER BANK(S) USED: 0 


ASSEMBLY COMPLETE.  0 WARNING(S), 0 ERROR(S)
